{
    "FASTANI_CLASSIFY - parameter variations": {
        "content": [
            [
                
            ]
        ],
        "meta": {
            "nf-test": "0.9.3",
            "nextflow": "25.10.0"
        },
        "timestamp": "2025-11-12T23:39:12.184329"
    },
    "FASTANI_CLASSIFY - consensus vs reference genomes": {
        "content": [
            {
                "0": [
                    
                ],
                "1": [
                    
                ],
                "2": [
                    
                ],
                "results": [
                    
                ],
                "stats": [
                    
                ],
                "versions": [
                    
                ]
            }
        ],
        "meta": {
            "nf-test": "0.9.3",
            "nextflow": "25.10.0"
        },
        "timestamp": "2025-11-12T23:39:03.626876"
    },
    "FASTANI_CLASSIFY - stub run": {
        "content": [
            {
                "0": [
                    [
                        {
                            "id": "test",
                            "cluster_id": "0",
                            "single_end": true
                        },
                        "test_cluster0.ani.txt:md5,52c89d22d57e201d9fcabb90e4be6ecf"
                    ]
                ],
                "1": [
                    [
                        {
                            "id": "test",
                            "cluster_id": "0",
                            "single_end": true
                        },
                        "test_cluster0.stats.json:md5,84bb6fde6d8572d20d0fa03a4f3b2284"
                    ]
                ],
                "2": [
                    "versions.yml:md5,e792ecabe1f8e3349df9ae19b67cd276"
                ],
                "results": [
                    [
                        {
                            "id": "test",
                            "cluster_id": "0",
                            "single_end": true
                        },
                        "test_cluster0.ani.txt:md5,52c89d22d57e201d9fcabb90e4be6ecf"
                    ]
                ],
                "stats": [
                    [
                        {
                            "id": "test",
                            "cluster_id": "0",
                            "single_end": true
                        },
                        "test_cluster0.stats.json:md5,84bb6fde6d8572d20d0fa03a4f3b2284"
                    ]
                ],
                "versions": [
                    "versions.yml:md5,e792ecabe1f8e3349df9ae19b67cd276"
                ]
            }
        ],
        "meta": {
            "nf-test": "0.9.3",
            "nextflow": "25.10.0"
        },
        "timestamp": "2025-11-12T23:39:07.768132"
    }
}