{
    "Should generate plots and report from analysis results": {
        "content": [
            {
                "0": [
                    [
                        {
                            "id": "test",
                            "single_end": true
                        },
                        [
                            "test_abundance_distribution.png:md5,42d08c80ecf45194dd0b3d9e8155ebeb",
                            "test_taxonomy_composition.png:md5,82464bea3bd6723db2b2bb4788723319",
                            "test_umap_clustering.png:md5,be08ba06be8c204e906e42679d58afad"
                        ]
                    ]
                ],
                "1": [
                    [
                        {
                            "id": "test",
                            "single_end": true
                        },
                        "test_plots_report.html:md5,e555be3830ed0e4f9b15b1034e3bae4d"
                    ]
                ],
                "2": [
                    [
                        {
                            "id": "test",
                            "single_end": true
                        },
                        "test_plot_summary.json:md5,31985706c94e03af39e329713123d91d"
                    ]
                ],
                "3": [
                    "versions.yml:md5,f14014325e0952ba2005e9041f47450e"
                ],
                "html": [
                    [
                        {
                            "id": "test",
                            "single_end": true
                        },
                        "test_plots_report.html:md5,e555be3830ed0e4f9b15b1034e3bae4d"
                    ]
                ],
                "plots": [
                    [
                        {
                            "id": "test",
                            "single_end": true
                        },
                        [
                            "test_abundance_distribution.png:md5,42d08c80ecf45194dd0b3d9e8155ebeb",
                            "test_taxonomy_composition.png:md5,82464bea3bd6723db2b2bb4788723319",
                            "test_umap_clustering.png:md5,be08ba06be8c204e906e42679d58afad"
                        ]
                    ]
                ],
                "summary": [
                    [
                        {
                            "id": "test",
                            "single_end": true
                        },
                        "test_plot_summary.json:md5,31985706c94e03af39e329713123d91d"
                    ]
                ],
                "versions": [
                    "versions.yml:md5,f14014325e0952ba2005e9041f47450e"
                ]
            }
        ],
        "meta": {
            "nf-test": "0.9.3",
            "nextflow": "25.10.0"
        },
        "timestamp": "2025-11-13T15:12:35.268778"
    }
}