{
    "Should reduce k-mer frequencies to UMAP coordinates": {
        "content": [
            {
                "0": [
                    [
                        {
                            "id": "test",
                            "single_end": true
                        },
                        "test.umap_coords.tsv:md5,cadad2f3e20adc22ac90d93714ed08c0"
                    ]
                ],
                "1": [
                    [
                        {
                            "id": "test",
                            "single_end": true
                        },
                        "test.umap_plot.png:md5,c7bd99e0a3479d5e4f631b28763cdca5"
                    ]
                ],
                "2": [
                    "versions.yml:md5,8a751a3b8dcbeae416c92d137394f60a"
                ],
                "coords": [
                    [
                        {
                            "id": "test",
                            "single_end": true
                        },
                        "test.umap_coords.tsv:md5,cadad2f3e20adc22ac90d93714ed08c0"
                    ]
                ],
                "plot": [
                    [
                        {
                            "id": "test",
                            "single_end": true
                        },
                        "test.umap_plot.png:md5,c7bd99e0a3479d5e4f631b28763cdca5"
                    ]
                ],
                "versions": [
                    "versions.yml:md5,8a751a3b8dcbeae416c92d137394f60a"
                ]
            }
        ],
        "meta": {
            "nf-test": "0.9.3",
            "nextflow": "25.10.0"
        },
        "timestamp": "2025-11-12T20:50:04.079522"
    }
}