{
    "sarscov2 custom_prefix": {
        "content": [
            [
                
            ]
        ],
        "meta": {
            "nf-test": "0.9.3",
            "nextflow": "25.10.0"
        },
        "timestamp": "2025-11-12T20:53:46.206614"
    },
    "sarscov2 single-end [fastq] - stub": {
        "content": [
            {
                "0": [
                    [
                        {
                            "id": "test",
                            "single_end": true
                        },
                        "test.html:md5,d41d8cd98f00b204e9800998ecf8427e"
                    ]
                ],
                "1": [
                    [
                        {
                            "id": "test",
                            "single_end": true
                        },
                        "test.zip:md5,d41d8cd98f00b204e9800998ecf8427e"
                    ]
                ],
                "2": [
                    "versions.yml:md5,7d3ba7a8f0097e40adbaee5a9222cf0a"
                ],
                "html": [
                    [
                        {
                            "id": "test",
                            "single_end": true
                        },
                        "test.html:md5,d41d8cd98f00b204e9800998ecf8427e"
                    ]
                ],
                "versions": [
                    "versions.yml:md5,7d3ba7a8f0097e40adbaee5a9222cf0a"
                ],
                "zip": [
                    [
                        {
                            "id": "test",
                            "single_end": true
                        },
                        "test.zip:md5,d41d8cd98f00b204e9800998ecf8427e"
                    ]
                ]
            }
        ],
        "meta": {
            "nf-test": "0.9.3",
            "nextflow": "25.10.0"
        },
        "timestamp": "2025-11-12T20:53:50.954405"
    },
    "sarscov2 custom_prefix - stub": {
        "content": [
            {
                "0": [
                    [
                        {
                            "id": "mysample",
                            "single_end": true
                        },
                        "mysample.html:md5,d41d8cd98f00b204e9800998ecf8427e"
                    ]
                ],
                "1": [
                    [
                        {
                            "id": "mysample",
                            "single_end": true
                        },
                        "mysample.zip:md5,d41d8cd98f00b204e9800998ecf8427e"
                    ]
                ],
                "2": [
                    "versions.yml:md5,7d3ba7a8f0097e40adbaee5a9222cf0a"
                ],
                "html": [
                    [
                        {
                            "id": "mysample",
                            "single_end": true
                        },
                        "mysample.html:md5,d41d8cd98f00b204e9800998ecf8427e"
                    ]
                ],
                "versions": [
                    "versions.yml:md5,7d3ba7a8f0097e40adbaee5a9222cf0a"
                ],
                "zip": [
                    [
                        {
                            "id": "mysample",
                            "single_end": true
                        },
                        "mysample.zip:md5,d41d8cd98f00b204e9800998ecf8427e"
                    ]
                ]
            }
        ],
        "meta": {
            "nf-test": "0.9.3",
            "nextflow": "25.10.0"
        },
        "timestamp": "2025-11-12T20:54:17.468326"
    },
    "sarscov2 interleaved [fastq]": {
        "content": [
            [
                
            ]
        ],
        "meta": {
            "nf-test": "0.9.3",
            "nextflow": "25.10.0"
        },
        "timestamp": "2025-11-12T20:53:28.87871"
    },
    "sarscov2 paired-end [bam]": {
        "content": [
            [
                
            ]
        ],
        "meta": {
            "nf-test": "0.9.3",
            "nextflow": "25.10.0"
        },
        "timestamp": "2025-11-12T20:53:34.170895"
    },
    "sarscov2 multiple [fastq]": {
        "content": [
            [
                
            ]
        ],
        "meta": {
            "nf-test": "0.9.3",
            "nextflow": "25.10.0"
        },
        "timestamp": "2025-11-12T20:53:40.92079"
    },
    "sarscov2 paired-end [fastq]": {
        "content": [
            [
                
            ]
        ],
        "meta": {
            "nf-test": "0.9.3",
            "nextflow": "25.10.0"
        },
        "timestamp": "2025-11-12T20:53:23.462652"
    },
    "sarscov2 paired-end [fastq] - stub": {
        "content": [
            {
                "0": [
                    [
                        {
                            "id": "test",
                            "single_end": false
                        },
                        "test.html:md5,d41d8cd98f00b204e9800998ecf8427e"
                    ]
                ],
                "1": [
                    [
                        {
                            "id": "test",
                            "single_end": false
                        },
                        "test.zip:md5,d41d8cd98f00b204e9800998ecf8427e"
                    ]
                ],
                "2": [
                    "versions.yml:md5,7d3ba7a8f0097e40adbaee5a9222cf0a"
                ],
                "html": [
                    [
                        {
                            "id": "test",
                            "single_end": false
                        },
                        "test.html:md5,d41d8cd98f00b204e9800998ecf8427e"
                    ]
                ],
                "versions": [
                    "versions.yml:md5,7d3ba7a8f0097e40adbaee5a9222cf0a"
                ],
                "zip": [
                    [
                        {
                            "id": "test",
                            "single_end": false
                        },
                        "test.zip:md5,d41d8cd98f00b204e9800998ecf8427e"
                    ]
                ]
            }
        ],
        "meta": {
            "nf-test": "0.9.3",
            "nextflow": "25.10.0"
        },
        "timestamp": "2025-11-12T20:53:56.731995"
    },
    "sarscov2 multiple [fastq] - stub": {
        "content": [
            {
                "0": [
                    [
                        {
                            "id": "test",
                            "single_end": false
                        },
                        "test.html:md5,d41d8cd98f00b204e9800998ecf8427e"
                    ]
                ],
                "1": [
                    [
                        {
                            "id": "test",
                            "single_end": false
                        },
                        "test.zip:md5,d41d8cd98f00b204e9800998ecf8427e"
                    ]
                ],
                "2": [
                    "versions.yml:md5,7d3ba7a8f0097e40adbaee5a9222cf0a"
                ],
                "html": [
                    [
                        {
                            "id": "test",
                            "single_end": false
                        },
                        "test.html:md5,d41d8cd98f00b204e9800998ecf8427e"
                    ]
                ],
                "versions": [
                    "versions.yml:md5,7d3ba7a8f0097e40adbaee5a9222cf0a"
                ],
                "zip": [
                    [
                        {
                            "id": "test",
                            "single_end": false
                        },
                        "test.zip:md5,d41d8cd98f00b204e9800998ecf8427e"
                    ]
                ]
            }
        ],
        "meta": {
            "nf-test": "0.9.3",
            "nextflow": "25.10.0"
        },
        "timestamp": "2025-11-12T20:54:12.747346"
    },
    "sarscov2 single-end [fastq]": {
        "content": [
            [
                
            ]
        ],
        "meta": {
            "nf-test": "0.9.3",
            "nextflow": "25.10.0"
        },
        "timestamp": "2025-11-12T20:53:17.449019"
    },
    "sarscov2 interleaved [fastq] - stub": {
        "content": [
            {
                "0": [
                    [
                        {
                            "id": "test",
                            "single_end": false
                        },
                        "test.html:md5,d41d8cd98f00b204e9800998ecf8427e"
                    ]
                ],
                "1": [
                    [
                        {
                            "id": "test",
                            "single_end": false
                        },
                        "test.zip:md5,d41d8cd98f00b204e9800998ecf8427e"
                    ]
                ],
                "2": [
                    "versions.yml:md5,7d3ba7a8f0097e40adbaee5a9222cf0a"
                ],
                "html": [
                    [
                        {
                            "id": "test",
                            "single_end": false
                        },
                        "test.html:md5,d41d8cd98f00b204e9800998ecf8427e"
                    ]
                ],
                "versions": [
                    "versions.yml:md5,7d3ba7a8f0097e40adbaee5a9222cf0a"
                ],
                "zip": [
                    [
                        {
                            "id": "test",
                            "single_end": false
                        },
                        "test.zip:md5,d41d8cd98f00b204e9800998ecf8427e"
                    ]
                ]
            }
        ],
        "meta": {
            "nf-test": "0.9.3",
            "nextflow": "25.10.0"
        },
        "timestamp": "2025-11-12T20:54:02.147811"
    },
    "sarscov2 paired-end [bam] - stub": {
        "content": [
            {
                "0": [
                    [
                        {
                            "id": "test",
                            "single_end": false
                        },
                        "test.html:md5,d41d8cd98f00b204e9800998ecf8427e"
                    ]
                ],
                "1": [
                    [
                        {
                            "id": "test",
                            "single_end": false
                        },
                        "test.zip:md5,d41d8cd98f00b204e9800998ecf8427e"
                    ]
                ],
                "2": [
                    "versions.yml:md5,7d3ba7a8f0097e40adbaee5a9222cf0a"
                ],
                "html": [
                    [
                        {
                            "id": "test",
                            "single_end": false
                        },
                        "test.html:md5,d41d8cd98f00b204e9800998ecf8427e"
                    ]
                ],
                "versions": [
                    "versions.yml:md5,7d3ba7a8f0097e40adbaee5a9222cf0a"
                ],
                "zip": [
                    [
                        {
                            "id": "test",
                            "single_end": false
                        },
                        "test.zip:md5,d41d8cd98f00b204e9800998ecf8427e"
                    ]
                ]
            }
        ],
        "meta": {
            "nf-test": "0.9.3",
            "nextflow": "25.10.0"
        },
        "timestamp": "2025-11-12T20:54:07.347177"
    }
}