{
    "Should cluster UMAP coordinates with HDBSCAN": {
        "content": [
            {
                "0": [
                    
                ],
                "1": [
                    
                ],
                "2": [
                    
                ],
                "3": [
                    
                ],
                "cluster_info": [
                    
                ],
                "clusters": [
                    
                ],
                "plot": [
                    
                ],
                "versions": [
                    
                ]
            }
        ],
        "meta": {
            "nf-test": "0.9.3",
            "nextflow": "25.10.0"
        },
        "timestamp": "2025-11-12T20:43:45.20101"
    }
}